Archive member included to satisfy reference by file (symbol)

D:/Hobby Projects/Microcontrollers_and_Embedded_Development/STM32/STM32CubeIDE_1.15.1/STM32CubeIDE/plugins/com.st.stm32cube.ide.mcu.externaltools.gnu-tools-for-stm32.12.3.rel1.win32_1.0.100.202403111256/tools/bin/../lib/gcc/arm-none-eabi/12.3.1/../../../../arm-none-eabi/lib/thumb/v7e-m+fp/hard\libc_nano.a(libc_a-exit.o)
                              D:/Hobby Projects/Microcontrollers_and_Embedded_Development/STM32/STM32CubeIDE_1.15.1/STM32CubeIDE/plugins/com.st.stm32cube.ide.mcu.externaltools.gnu-tools-for-stm32.12.3.rel1.win32_1.0.100.202403111256/tools/bin/../lib/gcc/arm-none-eabi/12.3.1/../../../../arm-none-eabi/lib/thumb/v7e-m+fp/hard/crt0.o (exit)
D:/Hobby Projects/Microcontrollers_and_Embedded_Development/STM32/STM32CubeIDE_1.15.1/STM32CubeIDE/plugins/com.st.stm32cube.ide.mcu.externaltools.gnu-tools-for-stm32.12.3.rel1.win32_1.0.100.202403111256/tools/bin/../lib/gcc/arm-none-eabi/12.3.1/../../../../arm-none-eabi/lib/thumb/v7e-m+fp/hard\libc_nano.a(libc_a-findfp.o)
                              D:/Hobby Projects/Microcontrollers_and_Embedded_Development/STM32/STM32CubeIDE_1.15.1/STM32CubeIDE/plugins/com.st.stm32cube.ide.mcu.externaltools.gnu-tools-for-stm32.12.3.rel1.win32_1.0.100.202403111256/tools/bin/../lib/gcc/arm-none-eabi/12.3.1/../../../../arm-none-eabi/lib/thumb/v7e-m+fp/hard\libc_nano.a(libc_a-exit.o) (__stdio_exit_handler)
D:/Hobby Projects/Microcontrollers_and_Embedded_Development/STM32/STM32CubeIDE_1.15.1/STM32CubeIDE/plugins/com.st.stm32cube.ide.mcu.externaltools.gnu-tools-for-stm32.12.3.rel1.win32_1.0.100.202403111256/tools/bin/../lib/gcc/arm-none-eabi/12.3.1/../../../../arm-none-eabi/lib/thumb/v7e-m+fp/hard\libc_nano.a(libc_a-fwalk.o)
                              D:/Hobby Projects/Microcontrollers_and_Embedded_Development/STM32/STM32CubeIDE_1.15.1/STM32CubeIDE/plugins/com.st.stm32cube.ide.mcu.externaltools.gnu-tools-for-stm32.12.3.rel1.win32_1.0.100.202403111256/tools/bin/../lib/gcc/arm-none-eabi/12.3.1/../../../../arm-none-eabi/lib/thumb/v7e-m+fp/hard\libc_nano.a(libc_a-findfp.o) (_fwalk_sglue)
D:/Hobby Projects/Microcontrollers_and_Embedded_Development/STM32/STM32CubeIDE_1.15.1/STM32CubeIDE/plugins/com.st.stm32cube.ide.mcu.externaltools.gnu-tools-for-stm32.12.3.rel1.win32_1.0.100.202403111256/tools/bin/../lib/gcc/arm-none-eabi/12.3.1/../../../../arm-none-eabi/lib/thumb/v7e-m+fp/hard\libc_nano.a(libc_a-stdio.o)
                              D:/Hobby Projects/Microcontrollers_and_Embedded_Development/STM32/STM32CubeIDE_1.15.1/STM32CubeIDE/plugins/com.st.stm32cube.ide.mcu.externaltools.gnu-tools-for-stm32.12.3.rel1.win32_1.0.100.202403111256/tools/bin/../lib/gcc/arm-none-eabi/12.3.1/../../../../arm-none-eabi/lib/thumb/v7e-m+fp/hard\libc_nano.a(libc_a-findfp.o) (__sread)
D:/Hobby Projects/Microcontrollers_and_Embedded_Development/STM32/STM32CubeIDE_1.15.1/STM32CubeIDE/plugins/com.st.stm32cube.ide.mcu.externaltools.gnu-tools-for-stm32.12.3.rel1.win32_1.0.100.202403111256/tools/bin/../lib/gcc/arm-none-eabi/12.3.1/../../../../arm-none-eabi/lib/thumb/v7e-m+fp/hard\libc_nano.a(libc_a-memset.o)
                              D:/Hobby Projects/Microcontrollers_and_Embedded_Development/STM32/STM32CubeIDE_1.15.1/STM32CubeIDE/plugins/com.st.stm32cube.ide.mcu.externaltools.gnu-tools-for-stm32.12.3.rel1.win32_1.0.100.202403111256/tools/bin/../lib/gcc/arm-none-eabi/12.3.1/../../../../arm-none-eabi/lib/thumb/v7e-m+fp/hard/crt0.o (memset)
D:/Hobby Projects/Microcontrollers_and_Embedded_Development/STM32/STM32CubeIDE_1.15.1/STM32CubeIDE/plugins/com.st.stm32cube.ide.mcu.externaltools.gnu-tools-for-stm32.12.3.rel1.win32_1.0.100.202403111256/tools/bin/../lib/gcc/arm-none-eabi/12.3.1/../../../../arm-none-eabi/lib/thumb/v7e-m+fp/hard\libc_nano.a(libc_a-closer.o)
                              D:/Hobby Projects/Microcontrollers_and_Embedded_Development/STM32/STM32CubeIDE_1.15.1/STM32CubeIDE/plugins/com.st.stm32cube.ide.mcu.externaltools.gnu-tools-for-stm32.12.3.rel1.win32_1.0.100.202403111256/tools/bin/../lib/gcc/arm-none-eabi/12.3.1/../../../../arm-none-eabi/lib/thumb/v7e-m+fp/hard\libc_nano.a(libc_a-stdio.o) (_close_r)
D:/Hobby Projects/Microcontrollers_and_Embedded_Development/STM32/STM32CubeIDE_1.15.1/STM32CubeIDE/plugins/com.st.stm32cube.ide.mcu.externaltools.gnu-tools-for-stm32.12.3.rel1.win32_1.0.100.202403111256/tools/bin/../lib/gcc/arm-none-eabi/12.3.1/../../../../arm-none-eabi/lib/thumb/v7e-m+fp/hard\libc_nano.a(libc_a-reent.o)
                              D:/Hobby Projects/Microcontrollers_and_Embedded_Development/STM32/STM32CubeIDE_1.15.1/STM32CubeIDE/plugins/com.st.stm32cube.ide.mcu.externaltools.gnu-tools-for-stm32.12.3.rel1.win32_1.0.100.202403111256/tools/bin/../lib/gcc/arm-none-eabi/12.3.1/../../../../arm-none-eabi/lib/thumb/v7e-m+fp/hard\libc_nano.a(libc_a-closer.o) (errno)
[...]
Memory Configuration

Name             Origin             Length             Attributes
RAM              0x20000000         0x00010000         xrw
RAM2             0x10000000         0x00004000         xrw
FLASH            0x08000000         0x00040000         xr
*default*        0x00000000         0xffffffff

Linker script and memory map

LOAD D:/Hobby Projects/Microcontrollers_and_Embedded_Development/STM32/STM32CubeIDE_1.15.1/STM32CubeIDE/plugins/com.st.stm32cube.ide.mcu.externaltools.gnu-tools-for-stm32.12.3.rel1.win32_1.0.100.202403111256/tools/bin/../lib/gcc/arm-none-eabi/12.3.1/thumb/v7e-m+fp/hard/crti.o
LOAD D:/Hobby Projects/Microcontrollers_and_Embedded_Development/STM32/STM32CubeIDE_1.15.1/STM32CubeIDE/plugins/com.st.stm32cube.ide.mcu.externaltools.gnu-tools-for-stm32.12.3.rel1.win32_1.0.100.202403111256/tools/bin/../lib/gcc/arm-none-eabi/12.3.1/thumb/v7e-m+fp/hard/crtbegin.o
LOAD D:/Hobby Projects/Microcontrollers_and_Embedded_Development/STM32/STM32CubeIDE_1.15.1/STM32CubeIDE/plugins/com.st.stm32cube.ide.mcu.externaltools.gnu-tools-for-stm32.12.3.rel1.win32_1.0.100.202403111256/tools/bin/../lib/gcc/arm-none-eabi/12.3.1/../../../../arm-none-eabi/lib/thumb/v7e-m+fp/hard/crt0.o
LOAD ./Core/Src/main.o
LOAD ./Core/Src/stm32l4xx_hal_msp.o
LOAD ./Core/Src/stm32l4xx_it.o
LOAD ./Core/Src/syscalls.o
LOAD ./Core/Src/sysmem.o
LOAD ./Core/Src/system_stm32l4xx.o
LOAD ./Core/Startup/startup_stm32l432kcux.o
LOAD ./Drivers/STM32L4xx_HAL_Driver/Src/stm32l4xx_hal.o
LOAD ./Drivers/STM32L4xx_HAL_Driver/Src/stm32l4xx_hal_cortex.o
LOAD ./Drivers/STM32L4xx_HAL_Driver/Src/stm32l4xx_hal_dma.o
LOAD ./Drivers/STM32L4xx_HAL_Driver/Src/stm32l4xx_hal_dma_ex.o
LOAD ./Drivers/STM32L4xx_HAL_Driver/Src/stm32l4xx_hal_exti.o
LOAD ./Drivers/STM32L4xx_HAL_Driver/Src/stm32l4xx_hal_flash.o
LOAD ./Drivers/STM32L4xx_HAL_Driver/Src/stm32l4xx_hal_flash_ex.o
LOAD ./Drivers/STM32L4xx_HAL_Driver/Src/stm32l4xx_hal_flash_ramfunc.o
LOAD ./Drivers/STM32L4xx_HAL_Driver/Src/stm32l4xx_hal_gpio.o
LOAD ./Drivers/STM32L4xx_HAL_Driver/Src/stm32l4xx_hal_i2c.o
LOAD ./Drivers/STM32L4xx_HAL_Driver/Src/stm32l4xx_hal_i2c_ex.o
LOAD ./Drivers/STM32L4xx_HAL_Driver/Src/stm32l4xx_hal_pwr.o
LOAD ./Drivers/STM32L4xx_HAL_Driver/Src/stm32l4xx_hal_pwr_ex.o
LOAD ./Drivers/STM32L4xx_HAL_Driver/Src/stm32l4xx_hal_rcc.o
LOAD ./Drivers/STM32L4xx_HAL_Driver/Src/stm32l4xx_hal_rcc_ex.o
LOAD ./Drivers/STM32L4xx_HAL_Driver/Src/stm32l4xx_hal_tim.o
LOAD ./Drivers/STM32L4xx_HAL_Driver/Src/stm32l4xx_hal_tim_ex.o
LOAD ./Drivers/STM32L4xx_HAL_Driver/Src/stm32l4xx_hal_uart.o
LOAD ./Drivers/STM32L4xx_HAL_Driver/Src/stm32l4xx_hal_uart_ex.o
START GROUP
LOAD D:/Hobby Projects/Microcontrollers_and_Embedded_Development/STM32/STM32CubeIDE_1.15.1/STM32CubeIDE/plugins/com.st.stm32cube.ide.mcu.externaltools.gnu-tools-for-stm32.12.3.rel1.win32_1.0.100.202403111256/tools/bin/../lib/gcc/arm-none-eabi/12.3.1/../../../../arm-none-eabi/lib/thumb/v7e-m+fp/hard\libc_nano.a
LOAD D:/Hobby Projects/Microcontrollers_and_Embedded_Development/STM32/STM32CubeIDE_1.15.1/STM32CubeIDE/plugins/com.st.stm32cube.ide.mcu.externaltools.gnu-tools-for-stm32.12.3.rel1.win32_1.0.100.202403111256/tools/bin/../lib/gcc/arm-none-eabi/12.3.1/../../../../arm-none-eabi/lib/thumb/v7e-m+fp/hard\libm.a
END GROUP
START GROUP
LOAD D:/Hobby Projects/Microcontrollers_and_Embedded_Development/STM32/STM32CubeIDE_1.15.1/STM32CubeIDE/plugins/com.st.stm32cube.ide.mcu.externaltools.gnu-tools-for-stm32.12.3.rel1.win32_1.0.100.202403111256/tools/bin/../lib/gcc/arm-none-eabi/12.3.1/thumb/v7e-m+fp/hard\libgcc.a
LOAD D:/Hobby Projects/Microcontrollers_and_Embedded_Development/STM32/STM32CubeIDE_1.15.1/STM32CubeIDE/plugins/com.st.stm32cube.ide.mcu.externaltools.gnu-tools-for-stm32.12.3.rel1.win32_1.0.100.202403111256/tools/bin/../lib/gcc/arm-none-eabi/12.3.1/../../../../arm-none-eabi/lib/thumb/v7e-m+fp/hard\libc_nano.a
END GROUP
START GROUP
LOAD D:/Hobby Projects/Microcontrollers_and_Embedded_Development/STM32/STM32CubeIDE_1.15.1/STM32CubeIDE/plugins/com.st.stm32cube.ide.mcu.externaltools.gnu-tools-for-stm32.12.3.rel1.win32_1.0.100.202403111256/tools/bin/../lib/gcc/arm-none-eabi/12.3.1/thumb/v7e-m+fp/hard\libgcc.a
LOAD D:/Hobby Projects/Microcontrollers_and_Embedded_Development/STM32/STM32CubeIDE_1.15.1/STM32CubeIDE/plugins/com.st.stm32cube.ide.mcu.externaltools.gnu-tools-for-stm32.12.3.rel1.win32_1.0.100.202403111256/tools/bin/../lib/gcc/arm-none-eabi/12.3.1/../../../../arm-none-eabi/lib/thumb/v7e-m+fp/hard\libc_nano.a
LOAD D:/Hobby Projects/Microcontrollers_and_Embedded_Development/STM32/STM32CubeIDE_1.15.1/STM32CubeIDE/plugins/com.st.stm32cube.ide.mcu.externaltools.gnu-tools-for-stm32.12.3.rel1.win32_1.0.100.202403111256/tools/bin/../lib/gcc/arm-none-eabi/12.3.1/../../../../arm-none-eabi/lib/thumb/v7e-m+fp/hard\libnosys.a
END GROUP
START GROUP
LOAD D:/Hobby Projects/Microcontrollers_and_Embedded_Development/STM32/STM32CubeIDE_1.15.1/STM32CubeIDE/plugins/com.st.stm32cube.ide.mcu.externaltools.gnu-tools-for-stm32.12.3.rel1.win32_1.0.100.202403111256/tools/bin/../lib/gcc/arm-none-eabi/12.3.1/thumb/v7e-m+fp/hard\libgcc.a
LOAD D:/Hobby Projects/Microcontrollers_and_Embedded_Development/STM32/STM32CubeIDE_1.15.1/STM32CubeIDE/plugins/com.st.stm32cube.ide.mcu.externaltools.gnu-tools-for-stm32.12.3.rel1.win32_1.0.100.202403111256/tools/bin/../lib/gcc/arm-none-eabi/12.3.1/../../../../arm-none-eabi/lib/thumb/v7e-m+fp/hard\libc_nano.a
LOAD D:/Hobby Projects/Microcontrollers_and_Embedded_Development/STM32/STM32CubeIDE_1.15.1/STM32CubeIDE/plugins/com.st.stm32cube.ide.mcu.externaltools.gnu-tools-for-stm32.12.3.rel1.win32_1.0.100.202403111256/tools/bin/../lib/gcc/arm-none-eabi/12.3.1/../../../../arm-none-eabi/lib/thumb/v7e-m+fp/hard\libnosys.a
END GROUP
LOAD D:/Hobby Projects/Microcontrollers_and_Embedded_Development/STM32/STM32CubeIDE_1.15.1/STM32CubeIDE/plugins/com.st.stm32cube.ide.mcu.externaltools.gnu-tools-for-stm32.12.3.rel1.win32_1.0.100.202403111256/tools/bin/../lib/gcc/arm-none-eabi/12.3.1/thumb/v7e-m+fp/hard/crtend.o
LOAD D:/Hobby Projects/Microcontrollers_and_Embedded_Development/STM32/STM32CubeIDE_1.15.1/STM32CubeIDE/plugins/com.st.stm32cube.ide.mcu.externaltools.gnu-tools-for-stm32.12.3.rel1.win32_1.0.100.202403111256/tools/bin/../lib/gcc/arm-none-eabi/12.3.1/thumb/v7e-m+fp/hard/crtn.o
                0x20010000                        _estack = (ORIGIN (RAM) + LENGTH (RAM))
                0x00000200                        _Min_Heap_Size = 0x200
                0x00000400                        _Min_Stack_Size = 0x400

.isr_vector     0x08000000      0x18c
                0x08000000                        . = ALIGN (0x4)
 *(.isr_vector)
 .isr_vector    0x08000000      0x18c ./Core/Startup/startup_stm32l432kcux.o
                0x08000000                g_pfnVectors
                0x0800018c                        . = ALIGN (0x4)

.text           0x0800018c     0x47a0
                0x0800018c                        . = ALIGN (0x4)
 *(.text)
 .text          0x0800018c       0x40 D:/Hobby Projects/Microcontrollers_and_Embedded_Development/STM32/STM32CubeIDE_1.15.1/STM32CubeIDE/plugins/com.st.stm32cube.ide.mcu.externaltools.gnu-tools-for-stm32.12.3.rel1.win32_1.0.100.202403111256/tools/bin/../lib/gcc/arm-none-eabi/12.3.1/thumb/v7e-m+fp/hard/crtbegin.o
 .text          0x080001cc       0x30 D:/Hobby Projects/Microcontrollers_and_Embedded_Development/STM32/STM32CubeIDE_1.15.1/STM32CubeIDE/plugins/com.st.stm32cube.ide.mcu.externaltools.gnu-tools-for-stm32.12.3.rel1.win32_1.0.100.202403111256/tools/bin/../lib/gcc/arm-none-eabi/12.3.1/thumb/v7e-m+fp/hard\libgcc.a(_aeabi_uldivmod.o)
                0x080001cc                __aeabi_uldivmod
 .text          0x080001fc      0x2bc D:/Hobby Projects/Microcontrollers_and_Embedded_Development/STM32/STM32CubeIDE_1.15.1/STM32CubeIDE/plugins/com.st.stm32cube.ide.mcu.externaltools.gnu-tools-for-stm32.12.3.rel1.win32_1.0.100.202403111256/tools/bin/../lib/gcc/arm-none-eabi/12.3.1/thumb/v7e-m+fp/hard\libgcc.a(_udivmoddi4.o)
                0x080001fc                __udivmoddi4
 .text          0x080004b8        0x4 D:/Hobby Projects/Microcontrollers_and_Embedded_Development/STM32/STM32CubeIDE_1.15.1/STM32CubeIDE/plugins/com.st.stm32cube.ide.mcu.externaltools.gnu-tools-for-stm32.12.3.rel1.win32_1.0.100.202403111256/tools/bin/../lib/gcc/arm-none-eabi/12.3.1/thumb/v7e-m+fp/hard\libgcc.a(_dvmd_tls.o)
                0x080004b8                __aeabi_idiv0
                0x080004b8                __aeabi_ldiv0
 *(.text*)
 .text.main     0x080004bc       0x8c ./Core/Src/main.o
                0x080004bc                main
 .text.SystemClock_Config
                0x08000548       0xa2 ./Core/Src/main.o
                0x08000548                SystemClock_Config
 *fill*         0x080005ea        0x2 
 .text.MX_TIM1_Init
                0x080005ec       0xb4 ./Core/Src/main.o
 .text.MX_TIM2_Init
                0x080006a0       0xa8 ./Core/Src/main.o
 .text.MX_USART2_UART_Init
                0x08000748       0x60 ./Core/Src/main.o
 .text.MX_DMA_Init
                0x080007a8       0x4c ./Core/Src/main.o
 .text.MX_GPIO_Init
                0x080007f4       0xc4 ./Core/Src/main.o
 .text.HAL_GPIO_EXTI_Callback
                0x080008b8       0x28 ./Core/Src/main.o
                0x080008b8                HAL_GPIO_EXTI_Callback
 .text.Error_Handler
                0x080008e0        0xc ./Core/Src/main.o
                0x080008e0                Error_Handler
 .text.HAL_MspInit
                0x080008ec       0x48 ./Core/Src/stm32l4xx_hal_msp.o
                0x080008ec                HAL_MspInit
 .text.HAL_TIM_Encoder_MspInit
                0x08000934      0x1ec ./Core/Src/stm32l4xx_hal_msp.o
                0x08000934                HAL_TIM_Encoder_MspInit
 .text.HAL_UART_MspInit
                0x08000b20       0xe4 ./Core/Src/stm32l4xx_hal_msp.o
                0x08000b20                HAL_UART_MspInit
 .text.NMI_Handler
                0x08000c04        0x8 ./Core/Src/stm32l4xx_it.o
                0x08000c04                NMI_Handler
 .text.HardFault_Handler
                0x08000c0c        0x8 ./Core/Src/stm32l4xx_it.o
                0x08000c0c                HardFault_Handler
 .text.MemManage_Handler
                0x08000c14        0x8 ./Core/Src/stm32l4xx_it.o
                0x08000c14                MemManage_Handler
 .text.BusFault_Handler
                0x08000c1c        0x8 ./Core/Src/stm32l4xx_it.o
                0x08000c1c                BusFault_Handler
 .text.UsageFault_Handler
                0x08000c24        0x8 ./Core/Src/stm32l4xx_it.o
                0x08000c24                UsageFault_Handler
 .text.SVC_Handler
                0x08000c2c        0xe ./Core/Src/stm32l4xx_it.o
                0x08000c2c                SVC_Handler
 .text.DebugMon_Handler
                0x08000c3a        0xe ./Core/Src/stm32l4xx_it.o
                0x08000c3a                DebugMon_Handler
 .text.PendSV_Handler
                0x08000c48        0xe ./Core/Src/stm32l4xx_it.o
                0x08000c48                PendSV_Handler
 .text.SysTick_Handler
                0x08000c56        0xc ./Core/Src/stm32l4xx_it.o
                0x08000c56                SysTick_Handler
 *fill*         0x08000c62        0x2 
 .text.DMA1_Channel2_IRQHandler
                0x08000c64       0x14 ./Core/Src/stm32l4xx_it.o
                0x08000c64                DMA1_Channel2_IRQHandler
 .text.DMA1_Channel4_IRQHandler
                0x08000c78       0x14 ./Core/Src/stm32l4xx_it.o
                0x08000c78                DMA1_Channel4_IRQHandler
 .text.TIM1_TRG_COM_IRQHandler
                0x08000c8c       0x14 ./Core/Src/stm32l4xx_it.o
                0x08000c8c                TIM1_TRG_COM_IRQHandler
 .text.TIM1_CC_IRQHandler
                0x08000ca0       0x14 ./Core/Src/stm32l4xx_it.o
                0x08000ca0                TIM1_CC_IRQHandler
 .text.TIM2_IRQHandler
                0x08000cb4       0x14 ./Core/Src/stm32l4xx_it.o
                0x08000cb4                TIM2_IRQHandler
 .text.USART2_IRQHandler
                0x08000cc8       0x14 ./Core/Src/stm32l4xx_it.o
                0x08000cc8                USART2_IRQHandler
 .text.EXTI15_10_IRQHandler
                0x08000cdc       0x10 ./Core/Src/stm32l4xx_it.o
                0x08000cdc                EXTI15_10_IRQHandler
 .text.SystemInit
                0x08000cec       0x24 ./Core/Src/system_stm32l4xx.o
                0x08000cec                SystemInit
 .text.Reset_Handler
                0x08000d10       0x50 ./Core/Startup/startup_stm32l432kcux.o
                0x08000d10                Reset_Handler
 .text.Default_Handler
                0x08000d60        0x2 ./Core/Startup/startup_stm32l432kcux.o
                0x08000d60                RTC_Alarm_IRQHandler
                0x08000d60                EXTI2_IRQHandler
                0x08000d60                TSC_IRQHandler
                0x08000d60                TAMP_STAMP_IRQHandler
                0x08000d60                EXTI3_IRQHandler
                0x08000d60                LPTIM2_IRQHandler
                0x08000d60                I2C3_ER_IRQHandler
                0x08000d60                EXTI0_IRQHandler
                0x08000d60                CAN1_RX0_IRQHandler
                0x08000d60                FPU_IRQHandler
                0x08000d60                TIM1_UP_TIM16_IRQHandler
                0x08000d60                SPI1_IRQHandler
                0x08000d60                TIM6_DAC_IRQHandler
                0x08000d60                DMA2_Channel2_IRQHandler
                0x08000d60                ADC1_IRQHandler
                0x08000d60                DMA1_Channel7_IRQHandler
                0x08000d60                CAN1_RX1_IRQHandler
                0x08000d60                DMA2_Channel1_IRQHandler
                0x08000d60                QUADSPI_IRQHandler
                0x08000d60                I2C1_EV_IRQHandler
                0x08000d60                DMA1_Channel6_IRQHandler
                0x08000d60                DMA2_Channel4_IRQHandler
                0x08000d60                RCC_IRQHandler
                0x08000d60                DMA1_Channel1_IRQHandler
                0x08000d60                Default_Handler
                0x08000d60                DMA2_Channel7_IRQHandler
                0x08000d60                TIM7_IRQHandler
                0x08000d60                I2C3_EV_IRQHandler
                0x08000d60                USB_IRQHandler
                0x08000d60                EXTI9_5_IRQHandler
                0x08000d60                RTC_WKUP_IRQHandler
                0x08000d60                PVD_PVM_IRQHandler
                0x08000d60                CAN1_TX_IRQHandler
                0x08000d60                DMA2_Channel5_IRQHandler
                0x08000d60                CRS_IRQHandler
                0x08000d60                DMA1_Channel5_IRQHandler
                0x08000d60                EXTI4_IRQHandler
                0x08000d60                RNG_IRQHandler
                0x08000d60                DMA1_Channel3_IRQHandler
                0x08000d60                COMP_IRQHandler
                0x08000d60                WWDG_IRQHandler
                0x08000d60                LPUART1_IRQHandler
                0x08000d60                DMA2_Channel6_IRQHandler
                0x08000d60                EXTI1_IRQHandler
                0x08000d60                CAN1_SCE_IRQHandler
                0x08000d60                FLASH_IRQHandler
                0x08000d60                USART1_IRQHandler
                0x08000d60                SPI3_IRQHandler
                0x08000d60                I2C1_ER_IRQHandler
                0x08000d60                SWPMI1_IRQHandler
                0x08000d60                LPTIM1_IRQHandler
                0x08000d60                SAI1_IRQHandler
                0x08000d60                DMA2_Channel3_IRQHandler
                0x08000d60                TIM1_BRK_TIM15_IRQHandler
 .text.HAL_Init
                0x08000d62       0x30 ./Drivers/STM32L4xx_HAL_Driver/Src/stm32l4xx_hal.o
                0x08000d62                HAL_Init
 *fill*         0x08000d92        0x2 
 .text.HAL_InitTick
                0x08000d94       0x78 ./Drivers/STM32L4xx_HAL_Driver/Src/stm32l4xx_hal.o
                0x08000d94                HAL_InitTick
 .text.HAL_IncTick
                0x08000e0c       0x28 ./Drivers/STM32L4xx_HAL_Driver/Src/stm32l4xx_hal.o
                0x08000e0c                HAL_IncTick
 .text.HAL_GetTick
                0x08000e34       0x18 ./Drivers/STM32L4xx_HAL_Driver/Src/stm32l4xx_hal.o
                0x08000e34                HAL_GetTick
 .text.HAL_Delay
                0x08000e4c       0x48 ./Drivers/STM32L4xx_HAL_Driver/Src/stm32l4xx_hal.o
                0x08000e4c                HAL_Delay
 .text.__NVIC_SetPriorityGrouping
                0x08000e94       0x48 ./Drivers/STM32L4xx_HAL_Driver/Src/stm32l4xx_hal_cortex.o
 .text.__NVIC_GetPriorityGrouping
                0x08000edc       0x1c ./Drivers/STM32L4xx_HAL_Driver/Src/stm32l4xx_hal_cortex.o
 .text.__NVIC_EnableIRQ
                0x08000ef8       0x3c ./Drivers/STM32L4xx_HAL_Driver/Src/stm32l4xx_hal_cortex.o
 .text.__NVIC_SetPriority
                0x08000f34       0x54 ./Drivers/STM32L4xx_HAL_Driver/Src/stm32l4xx_hal_cortex.o
 .text.NVIC_EncodePriority
                0x08000f88       0x66 ./Drivers/STM32L4xx_HAL_Driver/Src/stm32l4xx_hal_cortex.o
 *fill*         0x08000fee        0x2 
 .text.SysTick_Config
                0x08000ff0       0x44 ./Drivers/STM32L4xx_HAL_Driver/Src/stm32l4xx_hal_cortex.o
 .text.HAL_NVIC_SetPriorityGrouping
                0x08001034       0x16 ./Drivers/STM32L4xx_HAL_Driver/Src/stm32l4xx_hal_cortex.o
                0x08001034                HAL_NVIC_SetPriorityGrouping
 .text.HAL_NVIC_SetPriority
                0x0800104a       0x38 ./Drivers/STM32L4xx_HAL_Driver/Src/stm32l4xx_hal_cortex.o
                0x0800104a                HAL_NVIC_SetPriority
 .text.HAL_NVIC_EnableIRQ
                0x08001082       0x1c ./Drivers/STM32L4xx_HAL_Driver/Src/stm32l4xx_hal_cortex.o
                0x08001082                HAL_NVIC_EnableIRQ
 .text.HAL_SYSTICK_Config
                0x0800109e       0x18 ./Drivers/STM32L4xx_HAL_Driver/Src/stm32l4xx_hal_cortex.o
                0x0800109e                HAL_SYSTICK_Config
 *fill*         0x080010b6        0x2 
 .text.HAL_DMA_Init
                0x080010b8      0x170 ./Drivers/STM32L4xx_HAL_Driver/Src/stm32l4xx_hal_dma.o
                0x080010b8                HAL_DMA_Init
 .text.HAL_DMA_Start_IT
                0x08001228       0xc0 ./Drivers/STM32L4xx_HAL_Driver/Src/stm32l4xx_hal_dma.o
                0x08001228                HAL_DMA_Start_IT
 .text.HAL_DMA_Abort
                0x080012e8       0x7c ./Drivers/STM32L4xx_HAL_Driver/Src/stm32l4xx_hal_dma.o
                0x080012e8                HAL_DMA_Abort
 .text.HAL_DMA_Abort_IT
                0x08001364       0x82 ./Drivers/STM32L4xx_HAL_Driver/Src/stm32l4xx_hal_dma.o
                0x08001364                HAL_DMA_Abort_IT
 .text.HAL_DMA_IRQHandler
                0x080013e6      0x15e ./Drivers/STM32L4xx_HAL_Driver/Src/stm32l4xx_hal_dma.o
                0x080013e6                HAL_DMA_IRQHandler
 .text.DMA_SetConfig
                0x08001544       0x60 ./Drivers/STM32L4xx_HAL_Driver/Src/stm32l4xx_hal_dma.o
 .text.HAL_GPIO_Init
                0x080015a4      0x2d4 ./Drivers/STM32L4xx_HAL_Driver/Src/stm32l4xx_hal_gpio.o
                0x080015a4                HAL_GPIO_Init
 .text.HAL_GPIO_WritePin
                0x08001878       0x30 ./Drivers/STM32L4xx_HAL_Driver/Src/stm32l4xx_hal_gpio.o
                0x08001878                HAL_GPIO_WritePin
 .text.HAL_GPIO_EXTI_IRQHandler
                0x080018a8       0x30 ./Drivers/STM32L4xx_HAL_Driver/Src/stm32l4xx_hal_gpio.o
                0x080018a8                HAL_GPIO_EXTI_IRQHandler
 .text.HAL_PWREx_GetVoltageRange
                0x080018d8       0x1c ./Drivers/STM32L4xx_HAL_Driver/Src/stm32l4xx_hal_pwr_ex.o
                0x080018d8                HAL_PWREx_GetVoltageRange
 .text.HAL_PWREx_ControlVoltageScaling
                0x080018f4       0xac ./Drivers/STM32L4xx_HAL_Driver/Src/stm32l4xx_hal_pwr_ex.o
                0x080018f4                HAL_PWREx_ControlVoltageScaling
 .text.HAL_RCC_OscConfig
                0x080019a0      0x828 ./Drivers/STM32L4xx_HAL_Driver/Src/stm32l4xx_hal_rcc.o
                0x080019a0                HAL_RCC_OscConfig
 .text.HAL_RCC_ClockConfig
                0x080021c8      0x200 ./Drivers/STM32L4xx_HAL_Driver/Src/stm32l4xx_hal_rcc.o
                0x080021c8                HAL_RCC_ClockConfig
 .text.HAL_RCC_GetSysClockFreq
                0x080023c8      0x118 ./Drivers/STM32L4xx_HAL_Driver/Src/stm32l4xx_hal_rcc.o
                0x080023c8                HAL_RCC_GetSysClockFreq
 .text.HAL_RCC_GetHCLKFreq
                0x080024e0       0x18 ./Drivers/STM32L4xx_HAL_Driver/Src/stm32l4xx_hal_rcc.o
                0x080024e0                HAL_RCC_GetHCLKFreq
 .text.HAL_RCC_GetPCLK1Freq
                0x080024f8       0x2c ./Drivers/STM32L4xx_HAL_Driver/Src/stm32l4xx_hal_rcc.o
                0x080024f8                HAL_RCC_GetPCLK1Freq
 .text.HAL_RCC_GetPCLK2Freq
                0x08002524       0x2c ./Drivers/STM32L4xx_HAL_Driver/Src/stm32l4xx_hal_rcc.o
                0x08002524                HAL_RCC_GetPCLK2Freq
 .text.RCC_SetFlashLatencyFromMSIRange
                0x08002550       0xc0 ./Drivers/STM32L4xx_HAL_Driver/Src/stm32l4xx_hal_rcc.o
 .text.HAL_RCCEx_PeriphCLKConfig
                0x08002610      0x3ec ./Drivers/STM32L4xx_HAL_Driver/Src/stm32l4xx_hal_rcc_ex.o
                0x08002610                HAL_RCCEx_PeriphCLKConfig
 .text.RCCEx_PLLSAI1_Config
                0x080029fc      0x1e4 ./Drivers/STM32L4xx_HAL_Driver/Src/stm32l4xx_hal_rcc_ex.o
 .text.HAL_TIM_Base_Start_DMA
                0x08002be0      0x110 ./Drivers/STM32L4xx_HAL_Driver/Src/stm32l4xx_hal_tim.o
                0x08002be0                HAL_TIM_Base_Start_DMA
 .text.HAL_TIM_Encoder_Init
                0x08002cf0      0x14c ./Drivers/STM32L4xx_HAL_Driver/Src/stm32l4xx_hal_tim.o
                0x08002cf0                HAL_TIM_Encoder_Init
 .text.HAL_TIM_Encoder_Start_DMA
                0x08002e3c      0x2d8 ./Drivers/STM32L4xx_HAL_Driver/Src/stm32l4xx_hal_tim.o
                0x08002e3c                HAL_TIM_Encoder_Start_DMA
 .text.HAL_TIM_IRQHandler
                0x08003114      0x204 ./Drivers/STM32L4xx_HAL_Driver/Src/stm32l4xx_hal_tim.o
                0x08003114                HAL_TIM_IRQHandler
 .text.HAL_TIM_PeriodElapsedCallback
                0x08003318       0x14 ./Drivers/STM32L4xx_HAL_Driver/Src/stm32l4xx_hal_tim.o
                0x08003318                HAL_TIM_PeriodElapsedCallback
 .text.HAL_TIM_PeriodElapsedHalfCpltCallback
                0x0800332c       0x14 ./Drivers/STM32L4xx_HAL_Driver/Src/stm32l4xx_hal_tim.o
                0x0800332c                HAL_TIM_PeriodElapsedHalfCpltCallback
 .text.HAL_TIM_OC_DelayElapsedCallback
                0x08003340       0x14 ./Drivers/STM32L4xx_HAL_Driver/Src/stm32l4xx_hal_tim.o
                0x08003340                HAL_TIM_OC_DelayElapsedCallback
 .text.HAL_TIM_IC_CaptureCallback
                0x08003354       0x14 ./Drivers/STM32L4xx_HAL_Driver/Src/stm32l4xx_hal_tim.o
                0x08003354                HAL_TIM_IC_CaptureCallback
 .text.HAL_TIM_IC_CaptureHalfCpltCallback
                0x08003368       0x14 ./Drivers/STM32L4xx_HAL_Driver/Src/stm32l4xx_hal_tim.o
                0x08003368                HAL_TIM_IC_CaptureHalfCpltCallback
 .text.HAL_TIM_PWM_PulseFinishedCallback
                0x0800337c       0x14 ./Drivers/STM32L4xx_HAL_Driver/Src/stm32l4xx_hal_tim.o
                0x0800337c                HAL_TIM_PWM_PulseFinishedCallback
 .text.HAL_TIM_TriggerCallback
                0x08003390       0x14 ./Drivers/STM32L4xx_HAL_Driver/Src/stm32l4xx_hal_tim.o
                0x08003390                HAL_TIM_TriggerCallback
 .text.HAL_TIM_ErrorCallback
                0x080033a4       0x14 ./Drivers/STM32L4xx_HAL_Driver/Src/stm32l4xx_hal_tim.o
                0x080033a4                HAL_TIM_ErrorCallback
 .text.TIM_DMAError
                0x080033b8       0x92 ./Drivers/STM32L4xx_HAL_Driver/Src/stm32l4xx_hal_tim.o
                0x080033b8                TIM_DMAError
 .text.TIM_DMACaptureCplt
                0x0800344a       0xc8 ./Drivers/STM32L4xx_HAL_Driver/Src/stm32l4xx_hal_tim.o
                0x0800344a                TIM_DMACaptureCplt
 .text.TIM_DMACaptureHalfCplt
                0x08003512       0x68 ./Drivers/STM32L4xx_HAL_Driver/Src/stm32l4xx_hal_tim.o
                0x08003512                TIM_DMACaptureHalfCplt
 .text.TIM_DMAPeriodElapsedCplt
                0x0800357a       0x2e ./Drivers/STM32L4xx_HAL_Driver/Src/stm32l4xx_hal_tim.o
 .text.TIM_DMAPeriodElapsedHalfCplt
                0x080035a8       0x1c ./Drivers/STM32L4xx_HAL_Driver/Src/stm32l4xx_hal_tim.o
 .text.TIM_Base_SetConfig
                0x080035c4       0xc8 ./Drivers/STM32L4xx_HAL_Driver/Src/stm32l4xx_hal_tim.o
                0x080035c4                TIM_Base_SetConfig
 .text.TIM_CCxChannelCmd
                0x0800368c       0x4a ./Drivers/STM32L4xx_HAL_Driver/Src/stm32l4xx_hal_tim.o
                0x0800368c                TIM_CCxChannelCmd
 *fill*         0x080036d6        0x2 
 .text.HAL_TIMEx_MasterConfigSynchronization
                0x080036d8       0xcc ./Drivers/STM32L4xx_HAL_Driver/Src/stm32l4xx_hal_tim_ex.o
                0x080036d8                HAL_TIMEx_MasterConfigSynchronization
 .text.HAL_TIMEx_CommutCallback
                0x080037a4       0x14 ./Drivers/STM32L4xx_HAL_Driver/Src/stm32l4xx_hal_tim_ex.o
                0x080037a4                HAL_TIMEx_CommutCallback
 .text.HAL_TIMEx_BreakCallback
                0x080037b8       0x14 ./Drivers/STM32L4xx_HAL_Driver/Src/stm32l4xx_hal_tim_ex.o
                0x080037b8                HAL_TIMEx_BreakCallback
 .text.HAL_TIMEx_Break2Callback
                0x080037cc       0x14 ./Drivers/STM32L4xx_HAL_Driver/Src/stm32l4xx_hal_tim_ex.o
                0x080037cc                HAL_TIMEx_Break2Callback
 .text.HAL_UART_Init
                0x080037e0       0x9c ./Drivers/STM32L4xx_HAL_Driver/Src/stm32l4xx_hal_uart.o
                0x080037e0                HAL_UART_Init
 .text.HAL_UART_Transmit
                0x0800387c      0x112 ./Drivers/STM32L4xx_HAL_Driver/Src/stm32l4xx_hal_uart.o
                0x0800387c                HAL_UART_Transmit
 *fill*         0x0800398e        0x2 
 .text.HAL_UART_IRQHandler
                0x08003990      0x5d4 ./Drivers/STM32L4xx_HAL_Driver/Src/stm32l4xx_hal_uart.o
                0x08003990                HAL_UART_IRQHandler
 .text.HAL_UART_TxCpltCallback
                0x08003f64       0x14 ./Drivers/STM32L4xx_HAL_Driver/Src/stm32l4xx_hal_uart.o
                0x08003f64                HAL_UART_TxCpltCallback
 .text.HAL_UART_ErrorCallback
                0x08003f78       0x14 ./Drivers/STM32L4xx_HAL_Driver/Src/stm32l4xx_hal_uart.o
                0x08003f78                HAL_UART_ErrorCallback
 .text.HAL_UARTEx_RxEventCallback
                0x08003f8c       0x18 ./Drivers/STM32L4xx_HAL_Driver/Src/stm32l4xx_hal_uart.o
                0x08003f8c                HAL_UARTEx_RxEventCallback
 .text.UART_SetConfig
                0x08003fa4      0x458 ./Drivers/STM32L4xx_HAL_Driver/Src/stm32l4xx_hal_uart.o
                0x08003fa4                UART_SetConfig
 .text.UART_AdvFeatureConfig
                0x080043fc      0x144 ./Drivers/STM32L4xx_HAL_Driver/Src/stm32l4xx_hal_uart.o
                0x080043fc                UART_AdvFeatureConfig
 .text.UART_CheckIdleState
                0x08004540      0x150 ./Drivers/STM32L4xx_HAL_Driver/Src/stm32l4xx_hal_uart.o
                0x08004540                UART_CheckIdleState
 .text.UART_WaitOnFlagUntilTimeout
                0x08004690       0xce ./Drivers/STM32L4xx_HAL_Driver/Src/stm32l4xx_hal_uart.o
                0x08004690                UART_WaitOnFlagUntilTimeout
 .text.UART_EndRxTransfer
                0x0800475e       0xc8 ./Drivers/STM32L4xx_HAL_Driver/Src/stm32l4xx_hal_uart.o
 .text.UART_DMAAbortOnError
                0x08004826       0x2c ./Drivers/STM32L4xx_HAL_Driver/Src/stm32l4xx_hal_uart.o
 .text.UART_EndTransmit_IT
                0x08004852       0x54 ./Drivers/STM32L4xx_HAL_Driver/Src/stm32l4xx_hal_uart.o
 .text.HAL_UARTEx_WakeupCallback
                0x080048a6       0x14 ./Drivers/STM32L4xx_HAL_Driver/Src/stm32l4xx_hal_uart_ex.o
                0x080048a6                HAL_UARTEx_WakeupCallback
 .text.memset   0x080048ba       0x10 D:/Hobby Projects/Microcontrollers_and_Embedded_Development/STM32/STM32CubeIDE_1.15.1/STM32CubeIDE/plugins/com.st.stm32cube.ide.mcu.externaltools.gnu-tools-for-stm32.12.3.rel1.win32_1.0.100.202403111256/tools/bin/../lib/gcc/arm-none-eabi/12.3.1/../../../../arm-none-eabi/lib/thumb/v7e-m+fp/hard\libc_nano.a(libc_a-memset.o)
                0x080048ba                memset
 *fill*         0x080048ca        0x2 
 .text.__libc_init_array
                0x080048cc       0x48 D:/Hobby Projects/Microcontrollers_and_Embedded_Development/STM32/STM32CubeIDE_1.15.1/STM32CubeIDE/plugins/com.st.stm32cube.ide.mcu.externaltools.gnu-tools-for-stm32.12.3.rel1.win32_1.0.100.202403111256/tools/bin/../lib/gcc/arm-none-eabi/12.3.1/../../../../arm-none-eabi/lib/thumb/v7e-m+fp/hard\libc_nano.a(libc_a-init.o)
                0x080048cc                __libc_init_array
 *(.glue_7)
 .glue_7        0x08004914        0x0 linker stubs
 *(.glue_7t)
 .glue_7t       0x08004914        0x0 linker stubs
 *(.eh_frame)
 .eh_frame      0x08004914        0x0 D:/Hobby Projects/Microcontrollers_and_Embedded_Development/STM32/STM32CubeIDE_1.15.1/STM32CubeIDE/plugins/com.st.stm32cube.ide.mcu.externaltools.gnu-tools-for-stm32.12.3.rel1.win32_1.0.100.202403111256/tools/bin/../lib/gcc/arm-none-eabi/12.3.1/thumb/v7e-m+fp/hard/crtbegin.o
 *(.init)
 .init          0x08004914        0x4 D:/Hobby Projects/Microcontrollers_and_Embedded_Development/STM32/STM32CubeIDE_1.15.1/STM32CubeIDE/plugins/com.st.stm32cube.ide.mcu.externaltools.gnu-tools-for-stm32.12.3.rel1.win32_1.0.100.202403111256/tools/bin/../lib/gcc/arm-none-eabi/12.3.1/thumb/v7e-m+fp/hard/crti.o
                0x08004914                _init
 .init          0x08004918        0x8 D:/Hobby Projects/Microcontrollers_and_Embedded_Development/STM32/STM32CubeIDE_1.15.1/STM32CubeIDE/plugins/com.st.stm32cube.ide.mcu.externaltools.gnu-tools-for-stm32.12.3.rel1.win32_1.0.100.202403111256/tools/bin/../lib/gcc/arm-none-eabi/12.3.1/thumb/v7e-m+fp/hard/crtn.o
 *(.fini)
 .fini          0x08004920        0x4 D:/Hobby Projects/Microcontrollers_and_Embedded_Development/STM32/STM32CubeIDE_1.15.1/STM32CubeIDE/plugins/com.st.stm32cube.ide.mcu.externaltools.gnu-tools-for-stm32.12.3.rel1.win32_1.0.100.202403111256/tools/bin/../lib/gcc/arm-none-eabi/12.3.1/thumb/v7e-m+fp/hard/crti.o
                0x08004920                _fini
 .fini          0x08004924        0x8 D:/Hobby Projects/Microcontrollers_and_Embedded_Development/STM32/STM32CubeIDE_1.15.1/STM32CubeIDE/plugins/com.st.stm32cube.ide.mcu.externaltools.gnu-tools-for-stm32.12.3.rel1.win32_1.0.100.202403111256/tools/bin/../lib/gcc/arm-none-eabi/12.3.1/thumb/v7e-m+fp/hard/crtn.o
                0x0800492c                        . = ALIGN (0x4)
                0x0800492c                        _etext = .

.vfp11_veneer   0x0800492c        0x0
 .vfp11_veneer  0x0800492c        0x0 linker stubs

.v4_bx          0x0800492c        0x0
 .v4_bx         0x0800492c        0x0 linker stubs

.iplt           0x0800492c        0x0
 .iplt          0x0800492c        0x0 D:/Hobby Projects/Microcontrollers_and_Embedded_Development/STM32/STM32CubeIDE_1.15.1/STM32CubeIDE/plugins/com.st.stm32cube.ide.mcu.externaltools.gnu-tools-for-stm32.12.3.rel1.win32_1.0.100.202403111256/tools/bin/../lib/gcc/arm-none-eabi/12.3.1/thumb/v7e-m+fp/hard/crtbegin.o

.rodata         0x0800492c       0x48
                0x0800492c                        . = ALIGN (0x4)
 *(.rodata)
 *(.rodata*)
 .rodata.AHBPrescTable
                0x0800492c       0x10 ./Core/Src/system_stm32l4xx.o
                0x0800492c                AHBPrescTable
 .rodata.APBPrescTable
                0x0800493c        0x8 ./Core/Src/system_stm32l4xx.o
                0x0800493c                APBPrescTable
 .rodata.MSIRangeTable
                0x08004944       0x30 ./Core/Src/system_stm32l4xx.o
                0x08004944                MSIRangeTable
                0x08004974                        . = ALIGN (0x4)

.ARM.extab      0x08004974        0x0
                0x08004974                        . = ALIGN (0x4)
 *(.ARM.extab* .gnu.linkonce.armextab.*)
                0x08004974                        . = ALIGN (0x4)

.ARM            0x08004974        0x8
                0x08004974                        . = ALIGN (0x4)
                0x08004974                        __exidx_start = .
 *(.ARM.exidx*)
 .ARM.exidx     0x08004974        0x8 D:/Hobby Projects/Microcontrollers_and_Embedded_Development/STM32/STM32CubeIDE_1.15.1/STM32CubeIDE/plugins/com.st.stm32cube.ide.mcu.externaltools.gnu-tools-for-stm32.12.3.rel1.win32_1.0.100.202403111256/tools/bin/../lib/gcc/arm-none-eabi/12.3.1/thumb/v7e-m+fp/hard\libgcc.a(_udivmoddi4.o)
                0x0800497c                        __exidx_end = .
                0x0800497c                        . = ALIGN (0x4)

.preinit_array  0x0800497c        0x0
                0x0800497c                        . = ALIGN (0x4)
                0x0800497c                        PROVIDE (__preinit_array_start = .)
 *(.preinit_array*)
                0x0800497c                        PROVIDE (__preinit_array_end = .)
                0x0800497c                        . = ALIGN (0x4)

.init_array     0x0800497c        0x4
                0x0800497c                        . = ALIGN (0x4)
                0x0800497c                        PROVIDE (__init_array_start = .)
 *(SORT_BY_NAME(.init_array.*))
 *(.init_array*)
 .init_array    0x0800497c        0x4 D:/Hobby Projects/Microcontrollers_and_Embedded_Development/STM32/STM32CubeIDE_1.15.1/STM32CubeIDE/plugins/com.st.stm32cube.ide.mcu.externaltools.gnu-tools-for-stm32.12.3.rel1.win32_1.0.100.202403111256/tools/bin/../lib/gcc/arm-none-eabi/12.3.1/thumb/v7e-m+fp/hard/crtbegin.o
                0x08004980                        PROVIDE (__init_array_end = .)
                0x08004980                        . = ALIGN (0x4)

.fini_array     0x08004980        0x4
                0x08004980                        . = ALIGN (0x4)
                [!provide]                        PROVIDE (__fini_array_start = .)
 *(SORT_BY_NAME(.fini_array.*))
 *(.fini_array*)
 .fini_array    0x08004980        0x4 D:/Hobby Projects/Microcontrollers_and_Embedded_Development/STM32/STM32CubeIDE_1.15.1/STM32CubeIDE/plugins/com.st.stm32cube.ide.mcu.externaltools.gnu-tools-for-stm32.12.3.rel1.win32_1.0.100.202403111256/tools/bin/../lib/gcc/arm-none-eabi/12.3.1/thumb/v7e-m+fp/hard/crtbegin.o
                [!provide]                        PROVIDE (__fini_array_end = .)
                0x08004984                        . = ALIGN (0x4)
                0x08004984                        _sidata = LOADADDR (.data)

.rel.dyn        0x08004984        0x0
 .rel.iplt      0x08004984        0x0 D:/Hobby Projects/Microcontrollers_and_Embedded_Development/STM32/STM32CubeIDE_1.15.1/STM32CubeIDE/plugins/com.st.stm32cube.ide.mcu.externaltools.gnu-tools-for-stm32.12.3.rel1.win32_1.0.100.202403111256/tools/bin/../lib/gcc/arm-none-eabi/12.3.1/thumb/v7e-m+fp/hard/crtbegin.o

.data           0x20000000        0xc load address 0x08004984
                0x20000000                        . = ALIGN (0x4)
                0x20000000                        _sdata = .
 *(.data)
 *(.data*)
 .data.SystemCoreClock
                0x20000000        0x4 ./Core/Src/system_stm32l4xx.o
                0x20000000                SystemCoreClock
 .data.uwTickPrio
                0x20000004        0x4 ./Drivers/STM32L4xx_HAL_Driver/Src/stm32l4xx_hal.o
                0x20000004                uwTickPrio
 .data.uwTickFreq
                0x20000008        0x1 ./Drivers/STM32L4xx_HAL_Driver/Src/stm32l4xx_hal.o
                0x20000008                uwTickFreq
 *(.RamFunc)
 *(.RamFunc*)
                0x2000000c                        . = ALIGN (0x4)
 *fill*         0x20000009        0x3 
                0x2000000c                        _edata = .

.igot.plt       0x2000000c        0x0 load address 0x08004990
 .igot.plt      0x2000000c        0x0 D:/Hobby Projects/Microcontrollers_and_Embedded_Development/STM32/STM32CubeIDE_1.15.1/STM32CubeIDE/plugins/com.st.stm32cube.ide.mcu.externaltools.gnu-tools-for-stm32.12.3.rel1.win32_1.0.100.202403111256/tools/bin/../lib/gcc/arm-none-eabi/12.3.1/thumb/v7e-m+fp/hard/crtbegin.o
                0x2000000c                        . = ALIGN (0x4)

.bss            0x2000000c      0x1e0 load address 0x08004990
                0x2000000c                        _sbss = .
                0x2000000c                        __bss_start__ = _sbss
 *(.bss)
 .bss           0x2000000c       0x1c D:/Hobby Projects/Microcontrollers_and_Embedded_Development/STM32/STM32CubeIDE_1.15.1/STM32CubeIDE/plugins/com.st.stm32cube.ide.mcu.externaltools.gnu-tools-for-stm32.12.3.rel1.win32_1.0.100.202403111256/tools/bin/../lib/gcc/arm-none-eabi/12.3.1/thumb/v7e-m+fp/hard/crtbegin.o
 *(.bss*)
 .bss.htim1     0x20000028       0x4c ./Core/Src/main.o
                0x20000028                htim1
 .bss.htim2     0x20000074       0x4c ./Core/Src/main.o
                0x20000074                htim2
 .bss.hdma_tim1_ch4_trig_com
                0x200000c0       0x48 ./Core/Src/main.o
                0x200000c0                hdma_tim1_ch4_trig_com
 .bss.hdma_tim2_up
                0x20000108       0x48 ./Core/Src/main.o
                0x20000108                hdma_tim2_up
 .bss.huart2    0x20000150       0x88 ./Core/Src/main.o
                0x20000150                huart2
 .bss.Encoder_Data
                0x200001d8       0x10 ./Core/Src/main.o
                0x200001d8                Encoder_Data
 .bss.uwTick    0x200001e8        0x4 ./Drivers/STM32L4xx_HAL_Driver/Src/stm32l4xx_hal.o
                0x200001e8                uwTick
 *(COMMON)
                0x200001ec                        . = ALIGN (0x4)
                0x200001ec                        _ebss = .
                0x200001ec                        __bss_end__ = _ebss

._user_heap_stack
                0x200001ec      0x604 load address 0x08004990
                0x200001f0                        . = ALIGN (0x8)
 *fill*         0x200001ec        0x4 
                [!provide]                        PROVIDE (end = .)
                0x200001f0                        PROVIDE (_end = .)
                0x200003f0                        . = (. + _Min_Heap_Size)
 *fill*         0x200001f0      0x200 
                0x200007f0                        . = (. + _Min_Stack_Size)
 *fill*         0x200003f0      0x400 
                0x200007f0                        . = ALIGN (0x8)

/DISCARD/
 libc.a(*)
 libm.a(*)
 libgcc.a(*)

.ARM.attributes
                0x00000000       0x30
 *(.ARM.attributes)
 .ARM.attributes
                0x00000000       0x22 D:/Hobby Projects/Microcontrollers_and_Embedded_Development/STM32/STM32CubeIDE_1.15.1/STM32CubeIDE/plugins/com.st.stm32cube.ide.mcu.externaltools.gnu-tools-for-stm32.12.3.rel1.win32_1.0.100.202403111256/tools/bin/../lib/gcc/arm-none-eabi/12.3.1/thumb/v7e-m+fp/hard/crti.o
 .ARM.attributes
                0x00000022       0x34 D:/Hobby Projects/Microcontrollers_and_Embedded_Development/STM32/STM32CubeIDE_1.15.1/STM32CubeIDE/plugins/com.st.stm32cube.ide.mcu.externaltools.gnu-tools-for-stm32.12.3.rel1.win32_1.0.100.202403111256/tools/bin/../lib/gcc/arm-none-eabi/12.3.1/thumb/v7e-m+fp/hard/crtbegin.o
 .ARM.attributes
                0x00000056       0x34 ./Core/Src/main.o
 .ARM.attributes
                0x0000008a       0x34 ./Core/Src/stm32l4xx_hal_msp.o
 .ARM.attributes
                0x000000be       0x34 ./Core/Src/stm32l4xx_it.o
 .ARM.attributes
                0x000000f2       0x34 ./Core/Src/system_stm32l4xx.o
 .ARM.attributes
                0x00000126       0x21 ./Core/Startup/startup_stm32l432kcux.o
 .ARM.attributes
                0x00000147       0x34 ./Drivers/STM32L4xx_HAL_Driver/Src/stm32l4xx_hal.o
 .ARM.attributes
                0x0000017b       0x34 ./Drivers/STM32L4xx_HAL_Driver/Src/stm32l4xx_hal_cortex.o
 .ARM.attributes
                0x000001af       0x34 ./Drivers/STM32L4xx_HAL_Driver/Src/stm32l4xx_hal_dma.o
 .ARM.attributes
                0x000001e3       0x34 ./Drivers/STM32L4xx_HAL_Driver/Src/stm32l4xx_hal_gpio.o
 .ARM.attributes
                0x00000217       0x34 ./Drivers/STM32L4xx_HAL_Driver/Src/stm32l4xx_hal_pwr_ex.o
 .ARM.attributes
                0x0000024b       0x34 ./Drivers/STM32L4xx_HAL_Driver/Src/stm32l4xx_hal_rcc.o
 .ARM.attributes
                0x0000027f       0x34 ./Drivers/STM32L4xx_HAL_Driver/Src/stm32l4xx_hal_rcc_ex.o
 .ARM.attributes
                0x000002b3       0x34 ./Drivers/STM32L4xx_HAL_Driver/Src/stm32l4xx_hal_tim.o
 .ARM.attributes
                0x000002e7       0x34 ./Drivers/STM32L4xx_HAL_Driver/Src/stm32l4xx_hal_tim_ex.o
 .ARM.attributes
                0x0000031b       0x34 ./Drivers/STM32L4xx_HAL_Driver/Src/stm32l4xx_hal_uart.o
 .ARM.attributes
                0x0000034f       0x34 ./Drivers/STM32L4xx_HAL_Driver/Src/stm32l4xx_hal_uart_ex.o
 .ARM.attributes
                0x00000383       0x34 D:/Hobby Projects/Microcontrollers_and_Embedded_Development/STM32/STM32CubeIDE_1.15.1/STM32CubeIDE/plugins/com.st.stm32cube.ide.mcu.externaltools.gnu-tools-for-stm32.12.3.rel1.win32_1.0.100.202403111256/tools/bin/../lib/gcc/arm-none-eabi/12.3.1/../../../../arm-none-eabi/lib/thumb/v7e-m+fp/hard\libc_nano.a(libc_a-memset.o)
 .ARM.attributes
                0x000003b7       0x34 D:/Hobby Projects/Microcontrollers_and_Embedded_Development/STM32/STM32CubeIDE_1.15.1/STM32CubeIDE/plugins/com.st.stm32cube.ide.mcu.externaltools.gnu-tools-for-stm32.12.3.rel1.win32_1.0.100.202403111256/tools/bin/../lib/gcc/arm-none-eabi/12.3.1/../../../../arm-none-eabi/lib/thumb/v7e-m+fp/hard\libc_nano.a(libc_a-init.o)
 .ARM.attributes
                0x000003eb       0x22 D:/Hobby Projects/Microcontrollers_and_Embedded_Development/STM32/STM32CubeIDE_1.15.1/STM32CubeIDE/plugins/com.st.stm32cube.ide.mcu.externaltools.gnu-tools-for-stm32.12.3.rel1.win32_1.0.100.202403111256/tools/bin/../lib/gcc/arm-none-eabi/12.3.1/thumb/v7e-m+fp/hard\libgcc.a(_aeabi_uldivmod.o)
 .ARM.attributes
                0x0000040d       0x34 D:/Hobby Projects/Microcontrollers_and_Embedded_Development/STM32/STM32CubeIDE_1.15.1/STM32CubeIDE/plugins/com.st.stm32cube.ide.mcu.externaltools.gnu-tools-for-stm32.12.3.rel1.win32_1.0.100.202403111256/tools/bin/../lib/gcc/arm-none-eabi/12.3.1/thumb/v7e-m+fp/hard\libgcc.a(_udivmoddi4.o)
 .ARM.attributes
                0x00000441       0x22 D:/Hobby Projects/Microcontrollers_and_Embedded_Development/STM32/STM32CubeIDE_1.15.1/STM32CubeIDE/plugins/com.st.stm32cube.ide.mcu.externaltools.gnu-tools-for-stm32.12.3.rel1.win32_1.0.100.202403111256/tools/bin/../lib/gcc/arm-none-eabi/12.3.1/thumb/v7e-m+fp/hard\libgcc.a(_dvmd_tls.o)
 .ARM.attributes
                0x00000463       0x22 D:/Hobby Projects/Microcontrollers_and_Embedded_Development/STM32/STM32CubeIDE_1.15.1/STM32CubeIDE/plugins/com.st.stm32cube.ide.mcu.externaltools.gnu-tools-for-stm32.12.3.rel1.win32_1.0.100.202403111256/tools/bin/../lib/gcc/arm-none-eabi/12.3.1/thumb/v7e-m+fp/hard/crtn.o
OUTPUT(Quadrature_Encoder_Interface.elf elf32-littlearm)
LOAD linker stubs
LOAD D:/Hobby Projects/Microcontrollers_and_Embedded_Development/STM32/STM32CubeIDE_1.15.1/STM32CubeIDE/plugins/com.st.stm32cube.ide.mcu.externaltools.gnu-tools-for-stm32.12.3.rel1.win32_1.0.100.202403111256/tools/bin/../lib/gcc/arm-none-eabi/12.3.1/../../../../arm-none-eabi/lib/thumb/v7e-m+fp/hard\libc.a
LOAD D:/Hobby Projects/Microcontrollers_and_Embedded_Development/STM32/STM32CubeIDE_1.15.1/STM32CubeIDE/plugins/com.st.stm32cube.ide.mcu.externaltools.gnu-tools-for-stm32.12.3.rel1.win32_1.0.100.202403111256/tools/bin/../lib/gcc/arm-none-eabi/12.3.1/../../../../arm-none-eabi/lib/thumb/v7e-m+fp/hard\libm.a
LOAD D:/Hobby Projects/Microcontrollers_and_Embedded_Development/STM32/STM32CubeIDE_1.15.1/STM32CubeIDE/plugins/com.st.stm32cube.ide.mcu.externaltools.gnu-tools-for-stm32.12.3.rel1.win32_1.0.100.202403111256/tools/bin/../lib/gcc/arm-none-eabi/12.3.1/thumb/v7e-m+fp/hard\libgcc.a

.debug_info     0x00000000    0x10d4d
 .debug_info    0x00000000     0x15d3 ./Core/Src/main.o
 .debug_info    0x000015d3     0x12e8 ./Core/Src/stm32l4xx_hal_msp.o
 .debug_info    0x000028bb      0xb76 ./Core/Src/stm32l4xx_it.o
 .debug_info    0x00003431      0x5bf ./Core/Src/system_stm32l4xx.o
 .debug_info    0x000039f0       0x30 ./Core/Startup/startup_stm32l432kcux.o
 .debug_info    0x00003a20      0x99e ./Drivers/STM32L4xx_HAL_Driver/Src/stm32l4xx_hal.o
 .debug_info    0x000043be      0xcce ./Drivers/STM32L4xx_HAL_Driver/Src/stm32l4xx_hal_cortex.o
 .debug_info    0x0000508c      0x6f4 ./Drivers/STM32L4xx_HAL_Driver/Src/stm32l4xx_hal_dma.o
 .debug_info    0x00005780      0x757 ./Drivers/STM32L4xx_HAL_Driver/Src/stm32l4xx_hal_gpio.o
 .debug_info    0x00005ed7      0x920 ./Drivers/STM32L4xx_HAL_Driver/Src/stm32l4xx_hal_pwr_ex.o
 .debug_info    0x000067f7      0xbc3 ./Drivers/STM32L4xx_HAL_Driver/Src/stm32l4xx_hal_rcc.o
 .debug_info    0x000073ba      0xee5 ./Drivers/STM32L4xx_HAL_Driver/Src/stm32l4xx_hal_rcc_ex.o
 .debug_info    0x0000829f     0x2a9a ./Drivers/STM32L4xx_HAL_Driver/Src/stm32l4xx_hal_tim.o
 .debug_info    0x0000ad39     0x169e ./Drivers/STM32L4xx_HAL_Driver/Src/stm32l4xx_hal_tim_ex.o
 .debug_info    0x0000c3d7     0x3b77 ./Drivers/STM32L4xx_HAL_Driver/Src/stm32l4xx_hal_uart.o
 .debug_info    0x0000ff4e      0xdff ./Drivers/STM32L4xx_HAL_Driver/Src/stm32l4xx_hal_uart_ex.o

.debug_abbrev   0x00000000     0x22e3
 .debug_abbrev  0x00000000      0x2c1 ./Core/Src/main.o
 .debug_abbrev  0x000002c1      0x245 ./Core/Src/stm32l4xx_hal_msp.o
 .debug_abbrev  0x00000506      0x1b6 ./Core/Src/stm32l4xx_it.o
 .debug_abbrev  0x000006bc      0x11a ./Core/Src/system_stm32l4xx.o
 .debug_abbrev  0x000007d6       0x24 ./Core/Startup/startup_stm32l432kcux.o
 .debug_abbrev  0x000007fa      0x225 ./Drivers/STM32L4xx_HAL_Driver/Src/stm32l4xx_hal.o
 .debug_abbrev  0x00000a1f      0x327 ./Drivers/STM32L4xx_HAL_Driver/Src/stm32l4xx_hal_cortex.o
 .debug_abbrev  0x00000d46      0x1e4 ./Drivers/STM32L4xx_HAL_Driver/Src/stm32l4xx_hal_dma.o
 .debug_abbrev  0x00000f2a      0x1cb ./Drivers/STM32L4xx_HAL_Driver/Src/stm32l4xx_hal_gpio.o
 .debug_abbrev  0x000010f5      0x1f9 ./Drivers/STM32L4xx_HAL_Driver/Src/stm32l4xx_hal_pwr_ex.o
 .debug_abbrev  0x000012ee      0x2cb ./Drivers/STM32L4xx_HAL_Driver/Src/stm32l4xx_hal_rcc.o
 .debug_abbrev  0x000015b9      0x2a1 ./Drivers/STM32L4xx_HAL_Driver/Src/stm32l4xx_hal_rcc_ex.o
 .debug_abbrev  0x0000185a      0x278 ./Drivers/STM32L4xx_HAL_Driver/Src/stm32l4xx_hal_tim.o
 .debug_abbrev  0x00001ad2      0x283 ./Drivers/STM32L4xx_HAL_Driver/Src/stm32l4xx_hal_tim_ex.o
 .debug_abbrev  0x00001d55      0x2d0 ./Drivers/STM32L4xx_HAL_Driver/Src/stm32l4xx_hal_uart.o
 .debug_abbrev  0x00002025      0x2be ./Drivers/STM32L4xx_HAL_Driver/Src/stm32l4xx_hal_uart_ex.o

.debug_aranges  0x00000000      0xf30
 .debug_aranges
                0x00000000       0x60 ./Core/Src/main.o
 .debug_aranges
                0x00000060       0x40 ./Core/Src/stm32l4xx_hal_msp.o
 .debug_aranges
                0x000000a0       0x98 ./Core/Src/stm32l4xx_it.o
 .debug_aranges
                0x00000138       0x28 ./Core/Src/system_stm32l4xx.o
 .debug_aranges
                0x00000160       0x28 ./Core/Startup/startup_stm32l432kcux.o
 .debug_aranges
                0x00000188      0x108 ./Drivers/STM32L4xx_HAL_Driver/Src/stm32l4xx_hal.o
 .debug_aranges
                0x00000290      0x118 ./Drivers/STM32L4xx_HAL_Driver/Src/stm32l4xx_hal_cortex.o
 .debug_aranges
                0x000003a8       0x80 ./Drivers/STM32L4xx_HAL_Driver/Src/stm32l4xx_hal_dma.o
 .debug_aranges
                0x00000428       0x58 ./Drivers/STM32L4xx_HAL_Driver/Src/stm32l4xx_hal_gpio.o
 .debug_aranges
                0x00000480      0x128 ./Drivers/STM32L4xx_HAL_Driver/Src/stm32l4xx_hal_pwr_ex.o
 .debug_aranges
                0x000005a8       0x90 ./Drivers/STM32L4xx_HAL_Driver/Src/stm32l4xx_hal_rcc.o
 .debug_aranges
                0x00000638       0xf0 ./Drivers/STM32L4xx_HAL_Driver/Src/stm32l4xx_hal_rcc_ex.o
 .debug_aranges
                0x00000728      0x3e0 ./Drivers/STM32L4xx_HAL_Driver/Src/stm32l4xx_hal_tim.o
 .debug_aranges
                0x00000b08      0x180 ./Drivers/STM32L4xx_HAL_Driver/Src/stm32l4xx_hal_tim_ex.o
 .debug_aranges
                0x00000c88      0x228 ./Drivers/STM32L4xx_HAL_Driver/Src/stm32l4xx_hal_uart.o
 .debug_aranges
                0x00000eb0       0x80 ./Drivers/STM32L4xx_HAL_Driver/Src/stm32l4xx_hal_uart_ex.o

.debug_rnglists
                0x00000000      0xbea
 .debug_rnglists
                0x00000000       0x48 ./Core/Src/main.o
 .debug_rnglists
                0x00000048       0x2e ./Core/Src/stm32l4xx_hal_msp.o
 .debug_rnglists
                0x00000076       0x6d ./Core/Src/stm32l4xx_it.o
 .debug_rnglists
                0x000000e3       0x1a ./Core/Src/system_stm32l4xx.o
 .debug_rnglists
                0x000000fd       0x19 ./Core/Startup/startup_stm32l432kcux.o
 .debug_rnglists
                0x00000116       0xc1 ./Drivers/STM32L4xx_HAL_Driver/Src/stm32l4xx_hal.o
 .debug_rnglists
                0x000001d7       0xce ./Drivers/STM32L4xx_HAL_Driver/Src/stm32l4xx_hal_cortex.o
 .debug_rnglists
                0x000002a5       0x64 ./Drivers/STM32L4xx_HAL_Driver/Src/stm32l4xx_hal_dma.o
 .debug_rnglists
                0x00000309       0x3f ./Drivers/STM32L4xx_HAL_Driver/Src/stm32l4xx_hal_gpio.o
 .debug_rnglists
                0x00000348       0xdf ./Drivers/STM32L4xx_HAL_Driver/Src/stm32l4xx_hal_pwr_ex.o
 .debug_rnglists
                0x00000427       0x6d ./Drivers/STM32L4xx_HAL_Driver/Src/stm32l4xx_hal_rcc.o
 .debug_rnglists
                0x00000494       0xba ./Drivers/STM32L4xx_HAL_Driver/Src/stm32l4xx_hal_rcc_ex.o
 .debug_rnglists
                0x0000054e      0x328 ./Drivers/STM32L4xx_HAL_Driver/Src/stm32l4xx_hal_tim.o
 .debug_rnglists
                0x00000876      0x139 ./Drivers/STM32L4xx_HAL_Driver/Src/stm32l4xx_hal_tim_ex.o
 .debug_rnglists
                0x000009af      0x1db ./Drivers/STM32L4xx_HAL_Driver/Src/stm32l4xx_hal_uart.o
 .debug_rnglists
                0x00000b8a       0x60 ./Drivers/STM32L4xx_HAL_Driver/Src/stm32l4xx_hal_uart_ex.o

.debug_macro    0x00000000    0x1ffa4
 .debug_macro   0x00000000      0x1cf ./Core/Src/main.o
 .debug_macro   0x000001cf      0xab4 ./Core/Src/main.o
 .debug_macro   0x00000c83      0x1a7 ./Core/Src/main.o
 .debug_macro   0x00000e2a       0x2e ./Core/Src/main.o
 .debug_macro   0x00000e58       0x28 ./Core/Src/main.o
 .debug_macro   0x00000e80       0x22 ./Core/Src/main.o
 .debug_macro   0x00000ea2       0x8e ./Core/Src/main.o
 .debug_macro   0x00000f30       0x51 ./Core/Src/main.o
 .debug_macro   0x00000f81      0x103 ./Core/Src/main.o
 .debug_macro   0x00001084       0x6a ./Core/Src/main.o
 .debug_macro   0x000010ee      0x1df ./Core/Src/main.o
 .debug_macro   0x000012cd       0x1c ./Core/Src/main.o
 .debug_macro   0x000012e9       0x22 ./Core/Src/main.o
 .debug_macro   0x0000130b       0xfb ./Core/Src/main.o
 .debug_macro   0x00001406     0x1011 ./Core/Src/main.o
 .debug_macro   0x00002417      0x11f ./Core/Src/main.o
 .debug_macro   0x00002536    0x147a6 ./Core/Src/main.o
 .debug_macro   0x00016cdc       0x6d ./Core/Src/main.o
 .debug_macro   0x00016d49     0x38e6 ./Core/Src/main.o
 .debug_macro   0x0001a62f      0x189 ./Core/Src/main.o
 .debug_macro   0x0001a7b8       0x5c ./Core/Src/main.o
 .debug_macro   0x0001a814     0x11ca ./Core/Src/main.o
 .debug_macro   0x0001b9de      0x53c ./Core/Src/main.o
 .debug_macro   0x0001bf1a      0x1b9 ./Core/Src/main.o
 .debug_macro   0x0001c0d3      0x122 ./Core/Src/main.o
 .debug_macro   0x0001c1f5      0x26b ./Core/Src/main.o
 .debug_macro   0x0001c460      0x23d ./Core/Src/main.o
 .debug_macro   0x0001c69d      0x241 ./Core/Src/main.o
 .debug_macro   0x0001c8de      0x375 ./Core/Src/main.o
 .debug_macro   0x0001cc53       0xd6 ./Core/Src/main.o
 .debug_macro   0x0001cd29      0x122 ./Core/Src/main.o
 .debug_macro   0x0001ce4b      0x356 ./Core/Src/main.o
 .debug_macro   0x0001d1a1      0xa98 ./Core/Src/main.o
 .debug_macro   0x0001dc39      0x12d ./Core/Src/main.o
 .debug_macro   0x0001dd66      0x5cf ./Core/Src/main.o
 .debug_macro   0x0001e335       0x44 ./Core/Src/main.o
 .debug_macro   0x0001e379      0x220 ./Core/Src/main.o
 .debug_macro   0x0001e599       0x4c ./Core/Src/main.o
 .debug_macro   0x0001e5e5      0x1cf ./Core/Src/stm32l4xx_hal_msp.o
 .debug_macro   0x0001e7b4      0x1d9 ./Core/Src/stm32l4xx_it.o
 .debug_macro   0x0001e98d      0x1c0 ./Core/Src/system_stm32l4xx.o
 .debug_macro   0x0001eb4d      0x208 ./Drivers/STM32L4xx_HAL_Driver/Src/stm32l4xx_hal.o
 .debug_macro   0x0001ed55      0x1c0 ./Drivers/STM32L4xx_HAL_Driver/Src/stm32l4xx_hal_cortex.o
 .debug_macro   0x0001ef15      0x1c0 ./Drivers/STM32L4xx_HAL_Driver/Src/stm32l4xx_hal_dma.o
 .debug_macro   0x0001f0d5      0x1c7 ./Drivers/STM32L4xx_HAL_Driver/Src/stm32l4xx_hal_gpio.o
 .debug_macro   0x0001f29c      0x1e4 ./Drivers/STM32L4xx_HAL_Driver/Src/stm32l4xx_hal_pwr_ex.o
 .debug_macro   0x0001f480      0x202 ./Drivers/STM32L4xx_HAL_Driver/Src/stm32l4xx_hal_rcc.o
 .debug_macro   0x0001f682      0x1f6 ./Drivers/STM32L4xx_HAL_Driver/Src/stm32l4xx_hal_rcc_ex.o
 .debug_macro   0x0001f878      0x1c1 ./Drivers/STM32L4xx_HAL_Driver/Src/stm32l4xx_hal_tim.o
 .debug_macro   0x0001fa39      0x1c0 ./Drivers/STM32L4xx_HAL_Driver/Src/stm32l4xx_hal_tim_ex.o
 .debug_macro   0x0001fbf9      0x1eb ./Drivers/STM32L4xx_HAL_Driver/Src/stm32l4xx_hal_uart.o
 .debug_macro   0x0001fde4      0x1c0 ./Drivers/STM32L4xx_HAL_Driver/Src/stm32l4xx_hal_uart_ex.o

.debug_line     0x00000000    0x12b80
 .debug_line    0x00000000      0xa8d ./Core/Src/main.o
 .debug_line    0x00000a8d      0x9e6 ./Core/Src/stm32l4xx_hal_msp.o
 .debug_line    0x00001473      0xa06 ./Core/Src/stm32l4xx_it.o
 .debug_line    0x00001e79      0x936 ./Core/Src/system_stm32l4xx.o
 .debug_line    0x000027af       0x7a ./Core/Startup/startup_stm32l432kcux.o
 .debug_line    0x00002829      0xbfe ./Drivers/STM32L4xx_HAL_Driver/Src/stm32l4xx_hal.o
 .debug_line    0x00003427      0xe30 ./Drivers/STM32L4xx_HAL_Driver/Src/stm32l4xx_hal_cortex.o
 .debug_line    0x00004257      0xe96 ./Drivers/STM32L4xx_HAL_Driver/Src/stm32l4xx_hal_dma.o
 .debug_line    0x000050ed      0xca0 ./Drivers/STM32L4xx_HAL_Driver/Src/stm32l4xx_hal_gpio.o
 .debug_line    0x00005d8d      0xd8a ./Drivers/STM32L4xx_HAL_Driver/Src/stm32l4xx_hal_pwr_ex.o
 .debug_line    0x00006b17     0x1146 ./Drivers/STM32L4xx_HAL_Driver/Src/stm32l4xx_hal_rcc.o
 .debug_line    0x00007c5d     0x1483 ./Drivers/STM32L4xx_HAL_Driver/Src/stm32l4xx_hal_rcc_ex.o
 .debug_line    0x000090e0     0x3d59 ./Drivers/STM32L4xx_HAL_Driver/Src/stm32l4xx_hal_tim.o
 .debug_line    0x0000ce39     0x1ca2 ./Drivers/STM32L4xx_HAL_Driver/Src/stm32l4xx_hal_tim_ex.o
 .debug_line    0x0000eadb     0x330e ./Drivers/STM32L4xx_HAL_Driver/Src/stm32l4xx_hal_uart.o
 .debug_line    0x00011de9      0xd97 ./Drivers/STM32L4xx_HAL_Driver/Src/stm32l4xx_hal_uart_ex.o

.debug_str      0x00000000    0xc5d3b
 .debug_str     0x00000000    0xc2157 ./Core/Src/main.o
                              0xc253e (size before relaxing)
 .debug_str     0x000c2157      0x28d ./Core/Src/stm32l4xx_hal_msp.o
                              0xc2374 (size before relaxing)
 .debug_str     0x000c23e4      0x198 ./Core/Src/stm32l4xx_it.o
                              0xc1cbe (size before relaxing)
 .debug_str     0x000c257c       0xf2 ./Core/Src/system_stm32l4xx.o
                              0xc14a7 (size before relaxing)
 .debug_str     0x000c266e       0x44 ./Core/Startup/startup_stm32l432kcux.o
                                 0xb4 (size before relaxing)
 .debug_str     0x000c26b2      0x564 ./Drivers/STM32L4xx_HAL_Driver/Src/stm32l4xx_hal.o
                              0xc1e34 (size before relaxing)
 .debug_str     0x000c2c16      0x31d ./Drivers/STM32L4xx_HAL_Driver/Src/stm32l4xx_hal_cortex.o
                              0xc1bd5 (size before relaxing)
 .debug_str     0x000c2f33      0x224 ./Drivers/STM32L4xx_HAL_Driver/Src/stm32l4xx_hal_dma.o
                              0xc170e (size before relaxing)
 .debug_str     0x000c3157       0xea ./Drivers/STM32L4xx_HAL_Driver/Src/stm32l4xx_hal_gpio.o
                              0xc161b (size before relaxing)
 .debug_str     0x000c3241      0x44e ./Drivers/STM32L4xx_HAL_Driver/Src/stm32l4xx_hal_pwr_ex.o
                              0xc194f (size before relaxing)
 .debug_str     0x000c368f      0x38c ./Drivers/STM32L4xx_HAL_Driver/Src/stm32l4xx_hal_rcc.o
                              0xc1aa7 (size before relaxing)
 .debug_str     0x000c3a1b      0x540 ./Drivers/STM32L4xx_HAL_Driver/Src/stm32l4xx_hal_rcc_ex.o
                              0xc1d07 (size before relaxing)
 .debug_str     0x000c3f5b      0xdd0 ./Drivers/STM32L4xx_HAL_Driver/Src/stm32l4xx_hal_tim.o
                              0xc27e4 (size before relaxing)
 .debug_str     0x000c4d2b      0x588 ./Drivers/STM32L4xx_HAL_Driver/Src/stm32l4xx_hal_tim_ex.o
                              0xc20f8 (size before relaxing)
 .debug_str     0x000c52b3      0x891 ./Drivers/STM32L4xx_HAL_Driver/Src/stm32l4xx_hal_uart.o
                              0xc21ff (size before relaxing)
 .debug_str     0x000c5b44      0x1f7 ./Drivers/STM32L4xx_HAL_Driver/Src/stm32l4xx_hal_uart_ex.o
                              0xc1a28 (size before relaxing)

.comment        0x00000000       0x43
 .comment       0x00000000       0x43 ./Core/Src/main.o
                                 0x44 (size before relaxing)
 .comment       0x00000043       0x44 ./Core/Src/stm32l4xx_hal_msp.o
 .comment       0x00000043       0x44 ./Core/Src/stm32l4xx_it.o
 .comment       0x00000043       0x44 ./Core/Src/system_stm32l4xx.o
 .comment       0x00000043       0x44 ./Drivers/STM32L4xx_HAL_Driver/Src/stm32l4xx_hal.o
 .comment       0x00000043       0x44 ./Drivers/STM32L4xx_HAL_Driver/Src/stm32l4xx_hal_cortex.o
 .comment       0x00000043       0x44 ./Drivers/STM32L4xx_HAL_Driver/Src/stm32l4xx_hal_dma.o
 .comment       0x00000043       0x44 ./Drivers/STM32L4xx_HAL_Driver/Src/stm32l4xx_hal_gpio.o
 .comment       0x00000043       0x44 ./Drivers/STM32L4xx_HAL_Driver/Src/stm32l4xx_hal_pwr_ex.o
 .comment       0x00000043       0x44 ./Drivers/STM32L4xx_HAL_Driver/Src/stm32l4xx_hal_rcc.o
 .comment       0x00000043       0x44 ./Drivers/STM32L4xx_HAL_Driver/Src/stm32l4xx_hal_rcc_ex.o
 .comment       0x00000043       0x44 ./Drivers/STM32L4xx_HAL_Driver/Src/stm32l4xx_hal_tim.o
 .comment       0x00000043       0x44 ./Drivers/STM32L4xx_HAL_Driver/Src/stm32l4xx_hal_tim_ex.o
 .comment       0x00000043       0x44 ./Drivers/STM32L4xx_HAL_Driver/Src/stm32l4xx_hal_uart.o
 .comment       0x00000043       0x44 ./Drivers/STM32L4xx_HAL_Driver/Src/stm32l4xx_hal_uart_ex.o

.debug_frame    0x00000000     0x3fec
 .debug_frame   0x00000000      0x140 ./Core/Src/main.o
 .debug_frame   0x00000140       0xcc ./Core/Src/stm32l4xx_hal_msp.o
 .debug_frame   0x0000020c      0x1c8 ./Core/Src/stm32l4xx_it.o
 .debug_frame   0x000003d4       0x58 ./Core/Src/system_stm32l4xx.o
 .debug_frame   0x0000042c      0x3dc ./Drivers/STM32L4xx_HAL_Driver/Src/stm32l4xx_hal.o
 .debug_frame   0x00000808      0x498 ./Drivers/STM32L4xx_HAL_Driver/Src/stm32l4xx_hal_cortex.o
 .debug_frame   0x00000ca0      0x204 ./Drivers/STM32L4xx_HAL_Driver/Src/stm32l4xx_hal_dma.o
 .debug_frame   0x00000ea4      0x14c ./Drivers/STM32L4xx_HAL_Driver/Src/stm32l4xx_hal_gpio.o
 .debug_frame   0x00000ff0      0x4a4 ./Drivers/STM32L4xx_HAL_Driver/Src/stm32l4xx_hal_pwr_ex.o
 .debug_frame   0x00001494      0x21c ./Drivers/STM32L4xx_HAL_Driver/Src/stm32l4xx_hal_rcc.o
 .debug_frame   0x000016b0      0x3d0 ./Drivers/STM32L4xx_HAL_Driver/Src/stm32l4xx_hal_rcc_ex.o
 .debug_frame   0x00001a80     0x1218 ./Drivers/STM32L4xx_HAL_Driver/Src/stm32l4xx_hal_tim.o
 .debug_frame   0x00002c98      0x6b0 ./Drivers/STM32L4xx_HAL_Driver/Src/stm32l4xx_hal_tim_ex.o
 .debug_frame   0x00003348      0x9f4 ./Drivers/STM32L4xx_HAL_Driver/Src/stm32l4xx_hal_uart.o
 .debug_frame   0x00003d3c      0x204 ./Drivers/STM32L4xx_HAL_Driver/Src/stm32l4xx_hal_uart_ex.o
 .debug_frame   0x00003f40       0x20 D:/Hobby Projects/Microcontrollers_and_Embedded_Development/STM32/STM32CubeIDE_1.15.1/STM32CubeIDE/plugins/com.st.stm32cube.ide.mcu.externaltools.gnu-tools-for-stm32.12.3.rel1.win32_1.0.100.202403111256/tools/bin/../lib/gcc/arm-none-eabi/12.3.1/../../../../arm-none-eabi/lib/thumb/v7e-m+fp/hard\libc_nano.a(libc_a-memset.o)
 .debug_frame   0x00003f60       0x2c D:/Hobby Projects/Microcontrollers_and_Embedded_Development/STM32/STM32CubeIDE_1.15.1/STM32CubeIDE/plugins/com.st.stm32cube.ide.mcu.externaltools.gnu-tools-for-stm32.12.3.rel1.win32_1.0.100.202403111256/tools/bin/../lib/gcc/arm-none-eabi/12.3.1/../../../../arm-none-eabi/lib/thumb/v7e-m+fp/hard\libc_nano.a(libc_a-init.o)
 .debug_frame   0x00003f8c       0x2c D:/Hobby Projects/Microcontrollers_and_Embedded_Development/STM32/STM32CubeIDE_1.15.1/STM32CubeIDE/plugins/com.st.stm32cube.ide.mcu.externaltools.gnu-tools-for-stm32.12.3.rel1.win32_1.0.100.202403111256/tools/bin/../lib/gcc/arm-none-eabi/12.3.1/thumb/v7e-m+fp/hard\libgcc.a(_aeabi_uldivmod.o)
 .debug_frame   0x00003fb8       0x34 D:/Hobby Projects/Microcontrollers_and_Embedded_Development/STM32/STM32CubeIDE_1.15.1/STM32CubeIDE/plugins/com.st.stm32cube.ide.mcu.externaltools.gnu-tools-for-stm32.12.3.rel1.win32_1.0.100.202403111256/tools/bin/../lib/gcc/arm-none-eabi/12.3.1/thumb/v7e-m+fp/hard\libgcc.a(_udivmoddi4.o)

.debug_line_str
                0x00000000       0x98
 .debug_line_str
                0x00000000       0x98 ./Core/Startup/startup_stm32l432kcux.o
